******************************************************************************
                  TI ARM Linker PC v20.2.7                     
******************************************************************************
>> Linked Mon Sep  1 01:47:58 2025

OUTPUT FILE NAME:   <ProjFin_ctrlMotReacc.out>
ENTRY POINT SYMBOL: "_c_int00"  address: 00011360


MEMORY CONFIGURATION

         name            origin    length      used     unused   attr    fill
----------------------  --------  ---------  --------  --------  ----  --------
  VECTORS               00000000   00000020  00000020  00000000     X
  KERNEL                00000020   00008000  000050ec  00002f14  R  X
  FLASH0                00008020   00057fe0  0000c410  0004bbd0  R  X
  STACKS                08000000   00000800  00000000  00000800  RW  
  KRAM                  08000800   00000800  00000118  000006e8  RW  
  RAM                   08001000   00007000  00002864  0000479c  RW  


SEGMENT ALLOCATION MAP

run origin  load origin   length   init length attrs members
----------  ----------- ---------- ----------- ----- -------
00000000    00000000    00005110   00005110    r-x
  00000000    00000000    00000020   00000020    r-x .intvecs
  00000020    00000020    0000508c   0000508c    r-x .kernelTEXT
  000050b0    000050b0    00000060   00000060    r-- .cinit
00008020    00008020    0000c410   0000c410    r-x
  00008020    00008020    0000bd88   0000bd88    r-x .text
  00013da8    00013da8    00000688   00000688    r-- .const
08000800    08000800    00000118   00000000    rw-
  08000800    08000800    00000118   00000000    rw- .kernelBSS
08001000    08001000    00002864   00000000    rw-
  08001000    08001000    00002000   00000000    rw- .kernelHEAP
  08003000    08003000    00000800   00000000    rw- .sysmem
  08003800    08003800    00000038   00000000    rw- .bss
  08003838    08003838    0000002c   00000000    rw- .data


SECTION ALLOCATION MAP

 output                                  attributes/
section   page    origin      length       input sections
--------  ----  ----------  ----------   ----------------
.intvecs   0    00000000    00000020     
                  00000000    00000020     sys_intvecs.obj (.intvecs)

.kernelTEXT 
*          0    00000020    0000508c     
                  00000020    00002bb8     os_tasks.obj (.kernelTEXT)
                  00002bd8    000011d4     os_queue.obj (.kernelTEXT)
                  00003dac    00000818     os_event_groups.obj (.kernelTEXT)
                  000045c4    000003bc     os_port.obj (.kernelTEXT)
                  00004980    000003b0     os_portasm.obj (.kernelTEXT)
                  00004d30    0000037c     os_heap.obj (.kernelTEXT)

.cinit     0    000050b0    00000060     
                  000050b0    00000013     (.cinit..data.load) [load image, compression = lzss]
                  000050c3    00000001     --HOLE-- [fill = 0]
                  000050c4    0000000c     (__TI_handler_table)
                  000050d0    00000009     (.cinit..kernelBSS.load) [load image, compression = lzss]
                  000050d9    00000007     --HOLE-- [fill = 0]
                  000050e0    00000008     (.cinit..bss.load) [load image, compression = zero_init]
                  000050e8    00000008     (.cinit..kernelHEAP.load) [load image, compression = zero_init]
                  000050f0    00000020     (__TI_cinit_table)

.text      0    00008020    0000bd88     
                  00008020    000024f0     sys_selftest.obj (.text)
                  0000a510    00000ff0     rtsv7R4_A_be_eabi.lib : _printfi.c.obj (.text:__TI_printfi)
                  0000b500    00000aa0     system.obj (.text)
                  0000bfa0    00000a78     adc.obj (.text)
                  0000ca18    000009a0     os_mpu_wrappers.obj (.text)
                  0000d3b8    00000900     het.obj (.text)
                  0000dcb8    0000089c     sys_vim.obj (.text)
                  0000e554    000006e4     sci.obj (.text)
                  0000ec38    00000664     errata_SSWF021_45.obj (.text)
                  0000f29c    000005bc     esm.obj (.text)
                  0000f858    000004dc     sys_main.obj (.text)
                  0000fd34    0000036c     gio.obj (.text)
                  000100a0    00000364     rtsv7R4_A_be_eabi.lib : _printfi.c.obj (.text:_pconv_a)
                  00010404    000002d0     sys_core.obj (.text)
                  000106d4    000002c0     rtsv7R4_A_be_eabi.lib : _printfi.c.obj (.text:_pconv_g)
                  00010994    000002b4                           : ull_div32.asm.obj (.text)
                  00010c48    00000278     os_heap.obj (.text)
                  00010ec0    00000268     sys_vim.obj (.text:retain)
                  00011128    00000238     os_list.obj (.text)
                  00011360    00000214     sys_startup.obj (.text:retain)
                  00011574    00000214     rtsv7R4_A_be_eabi.lib : fd_add32.asm.obj (.text)
                  00011788    000001b0                           : _printfi.c.obj (.text:_pconv_e)
                  00011938    000001b0     os_port.obj (.text)
                  00011ae8    000001ac     rtsv7R4_A_be_eabi.lib : _printfi.c.obj (.text:fcvt)
                  00011c94    00000198                           : memory.c.obj (.text:aligned_alloc)
                  00011e2c    00000190                           : fd_div32.asm.obj (.text)
                  00011fbc    00000180                           : memcpy32.asm.obj (.text)
                  0001213c    00000158                           : s_floor.c.obj (.text:floor)
                  00012294    00000158     os_tasks.obj (.text)
                  000123ec    00000154     pinmux.obj (.text)
                  00012540    00000148     BLDC_ctrlLib.obj (.text)
                  00012688    00000134     rtsv7R4_A_be_eabi.lib : fs_add32.asm.obj (.text)
                  000127bc    00000128                           : fd_mul32.asm.obj (.text)
                  000128e4    00000120                           : s_scalbn.c.obj (.text:scalbn)
                  00012a04    00000115                           : _printfi.c.obj (.text:_ltostr)
                  00012b19    00000003     --HOLE-- [fill = 0]
                  00012b1c    000000ec     esm.obj (.text:retain)
                  00012c08    000000e8     dabort.obj (.text)
                  00012cf0    000000e0     rtsv7R4_A_be_eabi.lib : fd_cmp32.asm.obj (.text:__aeabi_cdcmple)
                  00012dd0    000000e0                           : fd_cmp32.asm.obj (.text:__aeabi_cdrcmple)
                  00012eb0    000000e0     sys_pmu.obj (.text)
                  00012f90    000000d4     notification.obj (.text)
                  00013064    000000d4     rtsv7R4_A_be_eabi.lib : fs_div32.asm.obj (.text)
                  00013138    000000c8                           : _printfi.c.obj (.text:_mcpy)
                  00013200    000000b0                           : memset32.asm.obj (.text)
                  000132b0    000000b0                           : memory.c.obj (.text:split)
                  00013360    000000ac     HX711_FREERTOS.obj (.text)
                  0001340c    0000009c     rtsv7R4_A_be_eabi.lib : fd_tos32.asm.obj (.text)
                  000134a8    00000098                           : _printfi.c.obj (.text:_ecpy)
                  00013540    00000090                           : copy_decompress_lzss.c.obj (.text:decompress:lzss:__TI_decompress_lzss)
                  000135d0    00000084                           : _printfi.c.obj (.text:_pconv_f)
                  00013654    00000084                           : atoi.c.obj (.text:atoi)
                  000136d8    00000080                           : _ltoa.c.obj (.text:__TI_ltoa)
                  00013758    0000007c                           : s_frexp.c.obj (.text:frexp)
                  000137d4    00000068                           : autoinit.c.obj (.text:__TI_auto_init_nobinit_nopinit:__TI_auto_init_nobinit_nopinit)
                  0001383c    00000064                           : _printfi.c.obj (.text:_fcpy)
                  000138a0    00000064                           : sprintf.c.obj (.text:sprintf)
                  00013904    0000005c                           : fd_toi32.asm.obj (.text)
                  00013960    0000005c                           : fs_tod32.asm.obj (.text)
                  000139bc    00000058                           : fd_tou32.asm.obj (.text)
                  00013a14    00000054                           : i_div32.asm.obj (.text)
                  00013a68    00000050                           : u_div32.asm.obj (.text)
                  00013ab8    0000004c     gio.obj (.text:retain)
                  00013b04    0000004c     rtsv7R4_A_be_eabi.lib : i_tofs32.asm.obj (.text)
                  00013b50    00000040                           : memory.c.obj (.text:free_list_insert)
                  00013b90    0000003c                           : i_tofd32.asm.obj (.text)
                  00013bcc    00000038                           : u_tofs32.asm.obj (.text)
                  00013c04    00000034                           : u_tofd32.asm.obj (.text)
                  00013c38    00000030                           : sprintf.c.obj (.text:_outs)
                  00013c68    00000030                           : memory.c.obj (.text:free_list_remove)
                  00013c98    00000030                           : memccpy.c.obj (.text:memccpy)
                  00013cc8    00000028                           : strchr.c.obj (.text:strchr)
                  00013cf0    00000024                           : wcslen.c.obj (.text:wcslen)
                  00013d14    00000020                           : strlen.c.obj (.text:strlen)
                  00013d34    00000014                           : sprintf.c.obj (.text:_outc)
                  00013d48    00000014                           : copy_decompress_none.c.obj (.text:decompress:none:__TI_decompress_none)
                  00013d5c    00000010                           : copy_zero_init.c.obj (.text:decompress:ZI:__TI_zero_init)
                  00013d6c    0000000c                           : errno.c.obj (.text:__aeabi_errno_addr)
                  00013d78    0000000c                           : s_copysign.c.obj (.text:copysign)
                  00013d84    0000000c                           : memory.c.obj (.text:malloc)
                  00013d90    00000008                           : exit.c.obj (.text:abort:abort)
                  00013d98    00000004                           : _lock.c.obj (.text:_nop)
                  00013d9c    00000004     sys_phantom.obj (.text:retain)
                  00013da0    00000004     rtsv7R4_A_be_eabi.lib : div0.asm.obj (.text)
                  00013da4    00000004     sys_startup.obj (.text)

.const     0    00013da8    00000688     
                  00013da8    000003a0     het.obj (.const:het1PROGRAM)
                  00014148    00000180     sys_vim.obj (.const:s_vim_init)
                  000142c8    00000101     rtsv7R4_A_be_eabi.lib : ctype.c.obj (.const:.string:_ctypes_)
                  000143c9    00000003     --HOLE-- [fill = 0]
                  000143cc    00000020     BLDC_ctrlLib.obj (.const:s_het1pwmPolarity)
                  000143ec    00000020     het.obj (.const:s_het1pwmPolarity)
                  0001440c    0000000c     sys_main.obj (.const:$P$T0$1)
                  00014418    0000000c     adc.obj (.const:s_adcFiFoSize)
                  00014424    0000000c     adc.obj (.const:s_adcSelect)

.kernelBSS 
*          0    08000800    00000118     UNINITIALIZED
                  08000800    000000e4     os_tasks.obj (.kernelBSS:uninit)
                  080008e4    00000034     os_tasks.obj (.kernelBSS:init)

.kernelHEAP 
*          0    08001000    00002000     UNINITIALIZED
                  08001000    00002000     os_heap.obj (.kernelHEAP)

.sysmem    0    08003000    00000800     UNINITIALIZED
                  08003000    00000010     rtsv7R4_A_be_eabi.lib : memory.c.obj (.sysmem)
                  08003010    000007f0     --HOLE--

.bss       0    08003800    00000038     UNINITIALIZED
                  08003800    00000014     sci.obj (.bss:g_sciTransfer_t)
                  08003814    00000008     os_heap.obj (.bss:xStart)
                  0800381c    00000004     (.common:xQueue_HX711_Data)
                  08003820    00000004     (.common:xQueue_HX711_Raw)
                  08003824    00000004     (.common:xQueue_SrialComm_HX711)
                  08003828    00000004     (.common:xTaskMASTER)
                  0800382c    00000004     (.common:xTask_HX711_Poll_Handle)
                  08003830    00000004     (.common:xTask_MotorCtrl_Handle)
                  08003834    00000004     (.common:xTask_Srial_Comms)

.data      0    08003838    0000002c     UNINITIALIZED
                  08003838    00000010     os_heap.obj (.data)
                  08003848    00000008     rtsv7R4_A_be_eabi.lib : _lock.c.obj (.data:$O1$$)
                  08003850    00000008                           : memory.c.obj (.data:$O1$$)
                  08003858    00000008     os_port.obj (.data)
                  08003860    00000004     rtsv7R4_A_be_eabi.lib : errno.c.obj (.data)

__llvm_prf_cnts 
*          0    08001000    00000000     UNINITIALIZED

MODULE SUMMARY

       Module                       code    ro data   rw data
       ------                       ----    -------   -------
    .\source\
       os_tasks.obj                 11536   0         280    
       os_heap.obj                  1524    0         8216   
       sys_selftest.obj             9456    0         0      
       os_queue.obj                 4564    0         0      
       het.obj                      2304    960       0      
       sys_vim.obj                  2820    384       0      
       system.obj                   2720    0         0      
       adc.obj                      2680    24        0      
       os_mpu_wrappers.obj          2464    0         0      
       os_event_groups.obj          2072    0         0      
       sci.obj                      1764    0         20     
       esm.obj                      1704    0         0      
       errata_SSWF021_45.obj        1636    0         0      
       os_port.obj                  1388    0         8      
       sys_main.obj                 1244    12        28     
       gio.obj                      952     0         0      
       os_portasm.obj               944     0         0      
       sys_core.obj                 720     0         0      
       os_list.obj                  568     0         0      
       sys_startup.obj              536     0         0      
       pinmux.obj                   340     0         0      
       dabort.obj                   232     0         0      
       sys_pmu.obj                  224     0         0      
       notification.obj             212     0         0      
       sys_intvecs.obj              32      0         0      
       sys_phantom.obj              4       0         0      
    +--+----------------------------+-------+---------+---------+
       Total:                       54640   1380      8552   
                                                             
    .\source\projlib\
       BLDC_ctrlLib.obj             328     32        0      
       HX711_FREERTOS.obj           172     0         0      
    +--+----------------------------+-------+---------+---------+
       Total:                       500     32        0      
                                                             
    C:\ti\ccs1281\ccs\tools\compiler\ti-cgt-arm_20.2.7.LTS\lib\rtsv7R4_A_be_eabi.lib
       _printfi.c.obj               7373    0         0      
       memory.c.obj                 708     0         8      
       ull_div32.asm.obj            692     0         0      
       fd_add32.asm.obj             532     0         0      
       fd_cmp32.asm.obj             448     0         0      
       fd_div32.asm.obj             400     0         0      
       memcpy32.asm.obj             384     0         0      
       s_floor.c.obj                344     0         0      
       fs_add32.asm.obj             308     0         0      
       fd_mul32.asm.obj             296     0         0      
       s_scalbn.c.obj               288     0         0      
       ctype.c.obj                  0       257       0      
       fs_div32.asm.obj             212     0         0      
       memset32.asm.obj             176     0         0      
       sprintf.c.obj                168     0         0      
       fd_tos32.asm.obj             156     0         0      
       copy_decompress_lzss.c.obj   144     0         0      
       atoi.c.obj                   132     0         0      
       _ltoa.c.obj                  128     0         0      
       s_frexp.c.obj                124     0         0      
       autoinit.c.obj               104     0         0      
       fd_toi32.asm.obj             92      0         0      
       fs_tod32.asm.obj             92      0         0      
       fd_tou32.asm.obj             88      0         0      
       i_div32.asm.obj              84      0         0      
       u_div32.asm.obj              80      0         0      
       i_tofs32.asm.obj             76      0         0      
       i_tofd32.asm.obj             60      0         0      
       u_tofs32.asm.obj             56      0         0      
       u_tofd32.asm.obj             52      0         0      
       memccpy.c.obj                48      0         0      
       strchr.c.obj                 40      0         0      
       wcslen.c.obj                 36      0         0      
       strlen.c.obj                 32      0         0      
       copy_decompress_none.c.obj   20      0         0      
       copy_zero_init.c.obj         16      0         0      
       errno.c.obj                  12      0         4      
       _lock.c.obj                  4       0         8      
       s_copysign.c.obj             12      0         0      
       exit.c.obj                   8       0         0      
       div0.asm.obj                 4       0         0      
    +--+----------------------------+-------+---------+---------+
       Total:                       14029   257       20     
                                                             
       Heap:                        0       0         2048   
       Linker Generated:            0       88        0      
    +--+----------------------------+-------+---------+---------+
       Grand Total:                 69169   1757      10620  


LINKER GENERATED COPY TABLES

__TI_cinit_table @ 000050f0 records: 4, size/record: 8, table size: 32
	.data: load addr=000050b0, load size=00000013 bytes, run addr=08003838, run size=0000002c bytes, compression=lzss
	.kernelBSS: load addr=000050d0, load size=00000009 bytes, run addr=08000800, run size=00000118 bytes, compression=lzss
	.bss: load addr=000050e0, load size=00000008 bytes, run addr=08003800, run size=00000038 bytes, compression=zero_init
	.kernelHEAP: load addr=000050e8, load size=00000008 bytes, run addr=08001000, run size=00002000 bytes, compression=zero_init


LINKER GENERATED HANDLER TABLE

__TI_handler_table @ 000050c4 records: 3, size/record: 4, table size: 12
	index: 0, handler: __TI_decompress_lzss
	index: 1, handler: __TI_decompress_none
	index: 2, handler: __TI_zero_init


GLOBAL SYMBOLS: SORTED ALPHABETICALLY BY Name 

address   name                                  
-------   ----                                  
00013d90  C$$EXIT                               
00013360  HX711_poll_from_GioNotif              
0000cbe8  MPU_eTaskGetState                     
0000cd50  MPU_pcTaskGetName                     
0000ce30  MPU_pvTaskGetThreadLocalStoragePointer
0000cf48  MPU_ulTaskNotifyTake                  
0000d104  MPU_uxQueueMessagesWaiting            
0000d138  MPU_uxQueueSpacesAvailable            
0000cd24  MPU_uxTaskGetNumberOfTasks            
0000cdb8  MPU_uxTaskGetStackHighWaterMark       
0000cbb4  MPU_uxTaskPriorityGet                 
0000d38c  MPU_vEventGroupDelete                 
0000d16c  MPU_vQueueDelete                      
0000cac0  MPU_vTaskAllocateMPURegions           
0000cb20  MPU_vTaskDelay                        
0000cb4c  MPU_vTaskDelayUntil                   
0000caf4  MPU_vTaskDelete                       
0000cc1c  MPU_vTaskPrioritySet                  
0000cc7c  MPU_vTaskResume                       
0000cdec  MPU_vTaskSetThreadLocalStoragePointer 
0000cfc0  MPU_vTaskSetTimeOutState              
0000cc50  MPU_vTaskSuspend                      
0000cca8  MPU_vTaskSuspendAll                   
0000d2b0  MPU_xEventGroupClearBits              
0000d228  MPU_xEventGroupCreate                 
0000d2f4  MPU_xEventGroupSetBits                
0000d338  MPU_xEventGroupSync                   
0000d254  MPU_xEventGroupWaitBits               
0000d198  MPU_xQueueGenericCreate               
0000d0b0  MPU_xQueueGenericReceive              
0000d1e4  MPU_xQueueGenericReset                
0000d05c  MPU_xQueueGenericSend                 
0000cb80  MPU_xTaskAbortDelay                   
0000cfec  MPU_xTaskCheckForTimeOut              
0000ca18  MPU_xTaskCreate                       
0000ca7c  MPU_xTaskCreateRestricted             
0000cea0  MPU_xTaskGenericNotify                
0000cd84  MPU_xTaskGetHandle                    
0000ce74  MPU_xTaskGetIdleTaskHandle            
0000d030  MPU_xTaskGetSchedulerState            
0000ccf8  MPU_xTaskGetTickCount                 
0000cf8c  MPU_xTaskNotifyStateClear             
0000cef4  MPU_xTaskNotifyWait                   
0000cccc  MPU_xTaskResumeAll                    
UNDEFED   SHT$$INIT_ARRAY$$Base                 
UNDEFED   SHT$$INIT_ARRAY$$Limit                
00000800  __SYSMEM_SIZE                         
000050f0  __TI_CINIT_Base                       
00005110  __TI_CINIT_Limit                      
000050c4  __TI_Handler_Table_Base               
000050d0  __TI_Handler_Table_Limit              
000106cc  __TI_PINIT_Base                       
000106d0  __TI_PINIT_Limit                      
000137d4  __TI_auto_init_nobinit_nopinit        
00013540  __TI_decompress_lzss                  
00013d48  __TI_decompress_none                  
000136d8  __TI_ltoa                             
ffffffff  __TI_pprof_out_hndl                   
0000a510  __TI_printfi                          
ffffffff  __TI_prof_data_size                   
ffffffff  __TI_prof_data_start                  
00000000  __TI_static_base__                    
00013d5c  __TI_zero_init                        
00012cf0  __aeabi_cdcmpeq                       
00012cf0  __aeabi_cdcmple                       
00012dd0  __aeabi_cdrcmple                      
0001340c  __aeabi_d2f                           
00013904  __aeabi_d2iz                          
000139bc  __aeabi_d2uiz                         
00011580  __aeabi_dadd                          
00011e2c  __aeabi_ddiv                          
000127bc  __aeabi_dmul                          
00011574  __aeabi_dsub                          
00013d6c  __aeabi_errno_addr                    
00013960  __aeabi_f2d                           
0001268c  __aeabi_fadd                          
00013064  __aeabi_fdiv                          
00012688  __aeabi_fsub                          
00013b90  __aeabi_i2d                           
00013b04  __aeabi_i2f                           
00013a14  __aeabi_idiv                          
00013da0  __aeabi_idiv0                         
00013a14  __aeabi_idivmod                       
00013da0  __aeabi_ldiv0                         
00013200  __aeabi_memclr                        
00013200  __aeabi_memclr4                       
00013200  __aeabi_memclr8                       
00011fbc  __aeabi_memcpy                        
00011fbc  __aeabi_memcpy4                       
00011fbc  __aeabi_memcpy8                       
00013204  __aeabi_memset                        
00013204  __aeabi_memset4                       
00013204  __aeabi_memset8                       
00013c04  __aeabi_ui2d                          
00013bcc  __aeabi_ui2f                          
00013a68  __aeabi_uidiv                         
00013a68  __aeabi_uidivmod                      
00010994  __aeabi_uldivmod                      
ffffffff  __binit__                             
ffffffff  __c_args__                            
08001000  __start___llvm_prf_cnts               
08001000  __stop___llvm_prf_cnts                
00011360  _c_int00                              
000105f4  _coreClearAuxiliaryDataFault_         
00010608  _coreClearAuxiliaryInstructionFault_  
000105cc  _coreClearDataFaultAddress_           
000105a4  _coreClearDataFault_                  
000105e0  _coreClearInstructionFaultAddress_    
000105b8  _coreClearInstructionFault_           
00010538  _coreDisableEventBusExport_           
0001057c  _coreDisableFlashEcc_                 
00010558  _coreDisableRamEcc_                   
00010528  _coreEnableEventBusExport_            
00010568  _coreEnableFlashEcc_                  
0001058c  _coreEnableIrqVicOffset_              
00010548  _coreEnableRamEcc_                    
000105ec  _coreGetAuxiliaryDataFault_           
00010600  _coreGetAuxiliaryInstructionFault_    
000105c4  _coreGetDataFaultAddress_             
0001059c  _coreGetDataFault_                    
000105d8  _coreGetInstructionFaultAddress_      
000105b0  _coreGetInstructionFault_             
00010404  _coreInitRegisters_                   
000104bc  _coreInitStackPointer_                
000142c8  _ctypes_                              
00012c08  _dabort                               
0001061c  _disable_FIQ_interrupt_               
00010624  _disable_IRQ_interrupt_               
00010614  _disable_interrupt_                   
0001062c  _enable_interrupt_                    
000106bc  _errata_CORTEXR4_66_                  
0000ec38  _errata_SSWF021_45_both_plls          
0000ee2c  _errata_SSWF021_45_pll1               
0000efa4  _errata_SSWF021_45_pll2               
00010634  _esmCcmErrorsClear_                   
00010508  _getCPSRValue_                        
00010510  _gotoCPUIdle_                         
08003848  _lock                                 
00013d98  _nop                                  
00012f0c  _pmuDisableCountersGlobal_            
00012efc  _pmuEnableCountersGlobal_             
00012f68  _pmuGetCycleCount_                    
00012f70  _pmuGetEventCount_                    
00012f7c  _pmuGetOverflow_                      
00012eb0  _pmuInit_                             
00012f3c  _pmuResetCounters_                    
00012f1c  _pmuResetCycleCounter_                
00012f2c  _pmuResetEventCounters_               
00012f5c  _pmuSetCountEvent_                    
00012f4c  _pmuStartCounters_                    
00012f54  _pmuStopCounters_                     
08003000  _sys_memory                           
UNDEFED   _system_post_cinit                    
0800384c  _unlock                               
00013d90  abort                                 
0000c7a8  adc1GetConfigValue                    
00009004  adc1ParityCheck                       
0000c384  adcCalibration                        
0000c748  adcDisableNotification                
0000c6f8  adcEnableNotification                 
0000c198  adcGetData                            
0000c790  adcGetEVTPin                          
0000bfa0  adcInit                               
0000c354  adcIsConversionComplete               
0000c324  adcIsFifoFull                         
0000c55c  adcMidPointCalibration                
00012fe8  adcNotification                       
0000c170  adcResetFiFo                          
0000c770  adcSetEVTPin                          
0000c0fc  adcStartConversion                    
0000c148  adcStopConversion                     
00011c94  aligned_alloc                         
00013654  atoi                                  
ffffffff  binit                                 
000090bc  can1ParityCheck                       
00009198  can2ParityCheck                       
0000d9c8  capGetSignal                          
00008030  ccmSelfCheck                          
0000a034  ccmr4GetConfigValue                   
00008938  checkB0RAMECC                         
00008b28  checkB1RAMECC                         
00009604  checkClockMonitor                     
00008d18  checkFlashECC                         
000096d8  checkFlashEEPROMECC                   
00009880  checkPLL1Slip                         
0000999c  checkRAMAddrParity                    
000093bc  checkRAMECC                           
00009aa4  checkRAMUERRTest                      
000087bc  checkefcSelfTest                      
00013d78  copysign                              
00013d78  copysignl                             
00008234  cpuSelfTest                           
00008dfc  cpuSelfTestFail                       
0000bee0  customTrimLPO                         
00008df4  custom_dabort                         
0000a424  disableParity                         
00001f00  eTaskConfirmSleepModeStatus           
00000888  eTaskGetState                         
0000d988  edgeDisableNotification               
0000d94c  edgeEnableNotification                
0000d920  edgeGetCounter                        
0001303c  edgeNotification                      
0000d8f4  edgeResetCounter                      
00008660  efcCheck                              
00009f98  efcGetConfigValue                     
00008794  efcSelfTest                           
000086e8  efcStuckZeroTest                      
0000a3d0  enableParity                          
00012540  enhPWMSetDuty                         
0000a0b0  errata_PBIST_4                        
08003860  errno                                 
0000f420  esmActivateNormalOperation            
0000f4f4  esmClearStatus                        
0000f534  esmClearStatusBuffer                  
0000f3e8  esmDisableError                       
0000f458  esmDisableInterrupt                   
0000f3c0  esmEnableError                        
0000f430  esmEnableInterrupt                    
0000f62c  esmEnterSelfTest                      
0000f3a4  esmError                              
0000f704  esmGetConfigValue                     
0000f570  esmGetStatus                          
0000f5f4  esmGetStatusBuffer                    
00012f90  esmGroup1Notification                 
00012fa0  esmGroup2Notification                 
00012b1c  esmHighInterrupt                      
0000f29c  esmInit                               
0000f6b4  esmSelfTestStatus                     
0000f550  esmSetCounterPreloadValue             
0000f480  esmSetInterruptLevel                  
0000f410  esmTriggerErrorPinReset               
0001213c  floor                                 
0001213c  floorl                                
00009c00  fmcBus1ParityCheck                    
0000885c  fmcBus2Check                          
00008898  fmcECCcheck                           
00013758  frexp                                 
00013758  frexpl                                
0000ff2c  gioDisableNotification                
0000fef0  gioEnableNotification                 
0000fe58  gioGetBit                             
0000ff68  gioGetConfigValue                     
0000fe80  gioGetPort                            
00013ab8  gioHighLevelInterrupt                 
0000fd34  gioInit                               
0000fc30  gioNotification                       
0000fde8  gioSetBit                             
0000fdc8  gioSetDirection                       
0000fe38  gioSetPort                            
0000fe98  gioToggleBit                          
00013da4  handlePLLLockFail                     
0000dadc  het1GetConfigValue                    
00008eac  het1ParityCheck                       
0000dac4  hetGetTimestamp                       
0000d3b8  hetInit                               
00013050  hetNotification                       
0000daa8  hetResetTimestamp                     
00008f4c  htu1ParityCheck                       
000128e4  ldexp                                 
000128e4  ldexpl                                
0000f858  main                                  
00013d84  malloc                                
0000b658  mapClocks                             
00011c94  memalign                              
00013c98  memccpy                               
00011fbc  memcpy                                
00008174  memoryInit                            
00012fb0  memoryPort0TestFailNotification       
00012fcc  memoryPort1TestFailNotification       
00013210  memset                                
00009260  mibspi1ParityCheck                    
000123ec  muxInit                               
00009d2c  pbistFail                             
00009db0  pbistGetConfigValue                   
000085a8  pbistIsTestCompleted                  
000085d4  pbistIsTestPassed                     
00008608  pbistPortTestStatus                   
000084ac  pbistRun                              
000082cc  pbistSelfCheck                        
00008578  pbistStop                             
00001344  pcTaskGetName                         
0000b604  periphInit                            
00013d9c  phantomInterrupt                      
00012474  pinmuxGetConfigValue                  
00004d08  prvMpuDisable                         
00004cf0  prvMpuEnable                          
00004cd8  prvMpuSetRegion                       
00004d30  pvPortMalloc                          
00001fe0  pvTaskGetThreadLocalStoragePointer    
0000d8c4  pwmDisableNotification                
0000d87c  pwmEnableNotification                 
0000d794  pwmGetSignal                          
00013024  pwmNotification                       
0000d4e0  pwmSetDuty                            
0000d61c  pwmSetSignal                          
0000d478  pwmStart                              
0000d4ac  pwmStop                               
080008e4  pxCurrentTCB                          
000045c4  pxPortInitialiseStack                 
00000000  resetEntry                            
000128e4  scalbn                                
000128e4  scalbnl                               
0000e9a0  sciDisableLoopback                    
0000e9f8  sciDisableNotification                
0000e96c  sciEnableLoopback                     
0000e9bc  sciEnableNotification                 
0000ea34  sciEnterResetState                    
0000ea54  sciExitResetState                     
0000e554  sciInit                               
0000e854  sciIsIdleDetected                     
0000e838  sciIsRxReady                          
0000e718  sciIsTxReady                          
00013010  sciNotification                       
0000e8cc  sciReceive                            
0000e8a0  sciReceiveByte                        
0000e870  sciRxError                            
0000e764  sciSend                               
0000e734  sciSendByte                           
0000e660  sciSetBaudrate                        
0000e640  sciSetFunctional                      
0000ea8c  scilinGetConfigValue                  
00008020  selftestFailNotification              
0000b5c4  setupFlash                            
0000b500  setupPLL                              
000138a0  sprintf                               
0000bda4  sramGetConfigValue                    
00009ef8  stcGetConfigValue                     
000081b8  stcSelfCheck                          
00008df8  stcSelfCheckFail                      
00013cc8  strchr                                
00013d14  strlen                                
0000b838  systemGetConfigValue                  
0000b73c  systemInit                            
0000b808  systemPowerDown                       
0000bbf8  tcmflashGetConfigValue                
0000b550  trimLPO                               
08003858  ulCriticalNesting                     
00004c14  ulPortCountLeadingZeros               
0800385c  ulTaskHasFPUContext                   
00002378  ulTaskNotifyTake                      
000112d4  uxListRemove                          
000038e8  uxQueueMessagesWaiting                
0000396c  uxQueueMessagesWaitingFromISR         
00003920  uxQueueSpacesAvailable                
00001338  uxTaskGetNumberOfTasks                
00002224  uxTaskGetStackHighWaterMark           
0000098c  uxTaskPriorityGet                     
000009d0  uxTaskPriorityGetFromISR              
0000233c  uxTaskResetEventItemValue             
0000453c  vEventGroupClearBitsCallback          
0000449c  vEventGroupDelete                     
00004520  vEventGroupSetBitsCallback            
00011128  vListInitialise                       
00011180  vListInitialiseItem                   
00011210  vListInsert                           
0001119c  vListInsertEnd                        
0000494c  vPortEndScheduler                     
00004f84  vPortFree                             
00005094  vPortInitialiseBlocks                 
00004b54  vPortPreemptiveTick                   
00004c1c  vPortSWI                              
00004984  vPortStartFirstTask                   
000046b4  vPortStoreTaskMPUSettings             
00004aa0  vPortYeildWithinAPI                   
000049f4  vPortYieldProcessor                   
0000399c  vQueueDelete                          
0000204c  vTaskAllocateMPURegions               
00000804  vTaskDelay                            
00000698  vTaskDelayUntil                       
00000530  vTaskDelete                           
00001074  vTaskEndScheduler                     
0000f910  vTaskMASTER                           
00001ef0  vTaskMissedYield                      
00002930  vTaskNotifyGiveFromISR                
00001ab8  vTaskPlaceOnEventList                 
00001afc  vTaskPlaceOnUnorderedEventList        
00000a18  vTaskPrioritySet                      
00000e14  vTaskResume                           
00001f7c  vTaskSetThreadLocalStoragePointer     
00001d74  vTaskSetTimeOutState                  
00000fdc  vTaskStartScheduler                   
00001658  vTaskStepTick                         
00000c10  vTaskSuspend                          
00001090  vTaskSuspendAll                       
000019d8  vTaskSwitchContext                    
0000f9a8  vTask_HX711_Poll                      
0000fa5c  vTask_MotorCtrl                       
0000fbc0  vTask_Srial_Comms                     
0000dd8c  vimChannelMap                         
0000df88  vimDisableInterrupt                   
0000de30  vimEnableInterrupt                    
0000e00c  vimGetConfigValue                     
0000dcb8  vimInit                               
00008e00  vimParityCheck                        
00010ec0  vimParityErrorHandler                 
00013cf0  wcslen                                
00004238  xEventGroupClearBits                  
00003dac  xEventGroupCreate                     
000042bc  xEventGroupGetBitsFromISR             
000042ec  xEventGroupSetBits                    
00003de8  xEventGroupSync                       
00003fe8  xEventGroupWaitBits                   
0000507c  xPortGetFreeHeapSize                  
00005088  xPortGetMinimumEverFreeHeapSize       
00004928  xPortStartScheduler                   
00002d00  xQueueGenericCreate                   
000033d8  xQueueGenericReceive                  
00002bd8  xQueueGenericReset                    
00002e1c  xQueueGenericSend                     
000030dc  xQueueGenericSendFromISR              
0000326c  xQueueGiveFromISR                     
00003cd0  xQueueIsQueueEmptyFromISR             
00003d5c  xQueueIsQueueFullFromISR              
000037f4  xQueuePeekFromISR                     
000036ac  xQueueReceiveFromISR                  
0800381c  xQueue_HX711_Data                     
08003820  xQueue_HX711_Raw                      
08003824  xQueue_SrialComm_HX711                
000016b4  xTaskAbortDelay                       
00001db8  xTaskCheckForTimeOut                  
000000fc  xTaskCreate                           
00000020  xTaskCreateRestricted                 
00002560  xTaskGenericNotify                    
00002730  xTaskGenericNotifyFromISR             
00001518  xTaskGetHandle                        
00001620  xTaskGetIdleTaskHandle                
000022ec  xTaskGetSchedulerState                
000012f8  xTaskGetTickCount                     
00001314  xTaskGetTickCountFromISR              
000017b0  xTaskIncrementTick                    
08003828  xTaskMASTER                           
00012370  xTaskNotifyStateClear                 
0000244c  xTaskNotifyWait                       
00001b80  xTaskRemoveFromEventList              
00001c70  xTaskRemoveFromUnorderedEventList     
00001148  xTaskResumeAll                        
00000ef4  xTaskResumeFromISR                    
0800382c  xTask_HX711_Poll_Handle               
08003830  xTask_MotorCtrl_Handle                
08003834  xTask_Srial_Comms                     


GLOBAL SYMBOLS: SORTED BY Symbol Address 

address   name                                  
-------   ----                                  
00000000  __TI_static_base__                    
00000000  resetEntry                            
00000020  xTaskCreateRestricted                 
000000fc  xTaskCreate                           
00000530  vTaskDelete                           
00000698  vTaskDelayUntil                       
00000800  __SYSMEM_SIZE                         
00000804  vTaskDelay                            
00000888  eTaskGetState                         
0000098c  uxTaskPriorityGet                     
000009d0  uxTaskPriorityGetFromISR              
00000a18  vTaskPrioritySet                      
00000c10  vTaskSuspend                          
00000e14  vTaskResume                           
00000ef4  xTaskResumeFromISR                    
00000fdc  vTaskStartScheduler                   
00001074  vTaskEndScheduler                     
00001090  vTaskSuspendAll                       
00001148  xTaskResumeAll                        
000012f8  xTaskGetTickCount                     
00001314  xTaskGetTickCountFromISR              
00001338  uxTaskGetNumberOfTasks                
00001344  pcTaskGetName                         
00001518  xTaskGetHandle                        
00001620  xTaskGetIdleTaskHandle                
00001658  vTaskStepTick                         
000016b4  xTaskAbortDelay                       
000017b0  xTaskIncrementTick                    
000019d8  vTaskSwitchContext                    
00001ab8  vTaskPlaceOnEventList                 
00001afc  vTaskPlaceOnUnorderedEventList        
00001b80  xTaskRemoveFromEventList              
00001c70  xTaskRemoveFromUnorderedEventList     
00001d74  vTaskSetTimeOutState                  
00001db8  xTaskCheckForTimeOut                  
00001ef0  vTaskMissedYield                      
00001f00  eTaskConfirmSleepModeStatus           
00001f7c  vTaskSetThreadLocalStoragePointer     
00001fe0  pvTaskGetThreadLocalStoragePointer    
0000204c  vTaskAllocateMPURegions               
00002224  uxTaskGetStackHighWaterMark           
000022ec  xTaskGetSchedulerState                
0000233c  uxTaskResetEventItemValue             
00002378  ulTaskNotifyTake                      
0000244c  xTaskNotifyWait                       
00002560  xTaskGenericNotify                    
00002730  xTaskGenericNotifyFromISR             
00002930  vTaskNotifyGiveFromISR                
00002bd8  xQueueGenericReset                    
00002d00  xQueueGenericCreate                   
00002e1c  xQueueGenericSend                     
000030dc  xQueueGenericSendFromISR              
0000326c  xQueueGiveFromISR                     
000033d8  xQueueGenericReceive                  
000036ac  xQueueReceiveFromISR                  
000037f4  xQueuePeekFromISR                     
000038e8  uxQueueMessagesWaiting                
00003920  uxQueueSpacesAvailable                
0000396c  uxQueueMessagesWaitingFromISR         
0000399c  vQueueDelete                          
00003cd0  xQueueIsQueueEmptyFromISR             
00003d5c  xQueueIsQueueFullFromISR              
00003dac  xEventGroupCreate                     
00003de8  xEventGroupSync                       
00003fe8  xEventGroupWaitBits                   
00004238  xEventGroupClearBits                  
000042bc  xEventGroupGetBitsFromISR             
000042ec  xEventGroupSetBits                    
0000449c  vEventGroupDelete                     
00004520  vEventGroupSetBitsCallback            
0000453c  vEventGroupClearBitsCallback          
000045c4  pxPortInitialiseStack                 
000046b4  vPortStoreTaskMPUSettings             
00004928  xPortStartScheduler                   
0000494c  vPortEndScheduler                     
00004984  vPortStartFirstTask                   
000049f4  vPortYieldProcessor                   
00004aa0  vPortYeildWithinAPI                   
00004b54  vPortPreemptiveTick                   
00004c14  ulPortCountLeadingZeros               
00004c1c  vPortSWI                              
00004cd8  prvMpuSetRegion                       
00004cf0  prvMpuEnable                          
00004d08  prvMpuDisable                         
00004d30  pvPortMalloc                          
00004f84  vPortFree                             
0000507c  xPortGetFreeHeapSize                  
00005088  xPortGetMinimumEverFreeHeapSize       
00005094  vPortInitialiseBlocks                 
000050c4  __TI_Handler_Table_Base               
000050d0  __TI_Handler_Table_Limit              
000050f0  __TI_CINIT_Base                       
00005110  __TI_CINIT_Limit                      
00008020  selftestFailNotification              
00008030  ccmSelfCheck                          
00008174  memoryInit                            
000081b8  stcSelfCheck                          
00008234  cpuSelfTest                           
000082cc  pbistSelfCheck                        
000084ac  pbistRun                              
00008578  pbistStop                             
000085a8  pbistIsTestCompleted                  
000085d4  pbistIsTestPassed                     
00008608  pbistPortTestStatus                   
00008660  efcCheck                              
000086e8  efcStuckZeroTest                      
00008794  efcSelfTest                           
000087bc  checkefcSelfTest                      
0000885c  fmcBus2Check                          
00008898  fmcECCcheck                           
00008938  checkB0RAMECC                         
00008b28  checkB1RAMECC                         
00008d18  checkFlashECC                         
00008df4  custom_dabort                         
00008df8  stcSelfCheckFail                      
00008dfc  cpuSelfTestFail                       
00008e00  vimParityCheck                        
00008eac  het1ParityCheck                       
00008f4c  htu1ParityCheck                       
00009004  adc1ParityCheck                       
000090bc  can1ParityCheck                       
00009198  can2ParityCheck                       
00009260  mibspi1ParityCheck                    
000093bc  checkRAMECC                           
00009604  checkClockMonitor                     
000096d8  checkFlashEEPROMECC                   
00009880  checkPLL1Slip                         
0000999c  checkRAMAddrParity                    
00009aa4  checkRAMUERRTest                      
00009c00  fmcBus1ParityCheck                    
00009d2c  pbistFail                             
00009db0  pbistGetConfigValue                   
00009ef8  stcGetConfigValue                     
00009f98  efcGetConfigValue                     
0000a034  ccmr4GetConfigValue                   
0000a0b0  errata_PBIST_4                        
0000a3d0  enableParity                          
0000a424  disableParity                         
0000a510  __TI_printfi                          
0000b500  setupPLL                              
0000b550  trimLPO                               
0000b5c4  setupFlash                            
0000b604  periphInit                            
0000b658  mapClocks                             
0000b73c  systemInit                            
0000b808  systemPowerDown                       
0000b838  systemGetConfigValue                  
0000bbf8  tcmflashGetConfigValue                
0000bda4  sramGetConfigValue                    
0000bee0  customTrimLPO                         
0000bfa0  adcInit                               
0000c0fc  adcStartConversion                    
0000c148  adcStopConversion                     
0000c170  adcResetFiFo                          
0000c198  adcGetData                            
0000c324  adcIsFifoFull                         
0000c354  adcIsConversionComplete               
0000c384  adcCalibration                        
0000c55c  adcMidPointCalibration                
0000c6f8  adcEnableNotification                 
0000c748  adcDisableNotification                
0000c770  adcSetEVTPin                          
0000c790  adcGetEVTPin                          
0000c7a8  adc1GetConfigValue                    
0000ca18  MPU_xTaskCreate                       
0000ca7c  MPU_xTaskCreateRestricted             
0000cac0  MPU_vTaskAllocateMPURegions           
0000caf4  MPU_vTaskDelete                       
0000cb20  MPU_vTaskDelay                        
0000cb4c  MPU_vTaskDelayUntil                   
0000cb80  MPU_xTaskAbortDelay                   
0000cbb4  MPU_uxTaskPriorityGet                 
0000cbe8  MPU_eTaskGetState                     
0000cc1c  MPU_vTaskPrioritySet                  
0000cc50  MPU_vTaskSuspend                      
0000cc7c  MPU_vTaskResume                       
0000cca8  MPU_vTaskSuspendAll                   
0000cccc  MPU_xTaskResumeAll                    
0000ccf8  MPU_xTaskGetTickCount                 
0000cd24  MPU_uxTaskGetNumberOfTasks            
0000cd50  MPU_pcTaskGetName                     
0000cd84  MPU_xTaskGetHandle                    
0000cdb8  MPU_uxTaskGetStackHighWaterMark       
0000cdec  MPU_vTaskSetThreadLocalStoragePointer 
0000ce30  MPU_pvTaskGetThreadLocalStoragePointer
0000ce74  MPU_xTaskGetIdleTaskHandle            
0000cea0  MPU_xTaskGenericNotify                
0000cef4  MPU_xTaskNotifyWait                   
0000cf48  MPU_ulTaskNotifyTake                  
0000cf8c  MPU_xTaskNotifyStateClear             
0000cfc0  MPU_vTaskSetTimeOutState              
0000cfec  MPU_xTaskCheckForTimeOut              
0000d030  MPU_xTaskGetSchedulerState            
0000d05c  MPU_xQueueGenericSend                 
0000d0b0  MPU_xQueueGenericReceive              
0000d104  MPU_uxQueueMessagesWaiting            
0000d138  MPU_uxQueueSpacesAvailable            
0000d16c  MPU_vQueueDelete                      
0000d198  MPU_xQueueGenericCreate               
0000d1e4  MPU_xQueueGenericReset                
0000d228  MPU_xEventGroupCreate                 
0000d254  MPU_xEventGroupWaitBits               
0000d2b0  MPU_xEventGroupClearBits              
0000d2f4  MPU_xEventGroupSetBits                
0000d338  MPU_xEventGroupSync                   
0000d38c  MPU_vEventGroupDelete                 
0000d3b8  hetInit                               
0000d478  pwmStart                              
0000d4ac  pwmStop                               
0000d4e0  pwmSetDuty                            
0000d61c  pwmSetSignal                          
0000d794  pwmGetSignal                          
0000d87c  pwmEnableNotification                 
0000d8c4  pwmDisableNotification                
0000d8f4  edgeResetCounter                      
0000d920  edgeGetCounter                        
0000d94c  edgeEnableNotification                
0000d988  edgeDisableNotification               
0000d9c8  capGetSignal                          
0000daa8  hetResetTimestamp                     
0000dac4  hetGetTimestamp                       
0000dadc  het1GetConfigValue                    
0000dcb8  vimInit                               
0000dd8c  vimChannelMap                         
0000de30  vimEnableInterrupt                    
0000df88  vimDisableInterrupt                   
0000e00c  vimGetConfigValue                     
0000e554  sciInit                               
0000e640  sciSetFunctional                      
0000e660  sciSetBaudrate                        
0000e718  sciIsTxReady                          
0000e734  sciSendByte                           
0000e764  sciSend                               
0000e838  sciIsRxReady                          
0000e854  sciIsIdleDetected                     
0000e870  sciRxError                            
0000e8a0  sciReceiveByte                        
0000e8cc  sciReceive                            
0000e96c  sciEnableLoopback                     
0000e9a0  sciDisableLoopback                    
0000e9bc  sciEnableNotification                 
0000e9f8  sciDisableNotification                
0000ea34  sciEnterResetState                    
0000ea54  sciExitResetState                     
0000ea8c  scilinGetConfigValue                  
0000ec38  _errata_SSWF021_45_both_plls          
0000ee2c  _errata_SSWF021_45_pll1               
0000efa4  _errata_SSWF021_45_pll2               
0000f29c  esmInit                               
0000f3a4  esmError                              
0000f3c0  esmEnableError                        
0000f3e8  esmDisableError                       
0000f410  esmTriggerErrorPinReset               
0000f420  esmActivateNormalOperation            
0000f430  esmEnableInterrupt                    
0000f458  esmDisableInterrupt                   
0000f480  esmSetInterruptLevel                  
0000f4f4  esmClearStatus                        
0000f534  esmClearStatusBuffer                  
0000f550  esmSetCounterPreloadValue             
0000f570  esmGetStatus                          
0000f5f4  esmGetStatusBuffer                    
0000f62c  esmEnterSelfTest                      
0000f6b4  esmSelfTestStatus                     
0000f704  esmGetConfigValue                     
0000f858  main                                  
0000f910  vTaskMASTER                           
0000f9a8  vTask_HX711_Poll                      
0000fa5c  vTask_MotorCtrl                       
0000fbc0  vTask_Srial_Comms                     
0000fc30  gioNotification                       
0000fd34  gioInit                               
0000fdc8  gioSetDirection                       
0000fde8  gioSetBit                             
0000fe38  gioSetPort                            
0000fe58  gioGetBit                             
0000fe80  gioGetPort                            
0000fe98  gioToggleBit                          
0000fef0  gioEnableNotification                 
0000ff2c  gioDisableNotification                
0000ff68  gioGetConfigValue                     
00010404  _coreInitRegisters_                   
000104bc  _coreInitStackPointer_                
00010508  _getCPSRValue_                        
00010510  _gotoCPUIdle_                         
00010528  _coreEnableEventBusExport_            
00010538  _coreDisableEventBusExport_           
00010548  _coreEnableRamEcc_                    
00010558  _coreDisableRamEcc_                   
00010568  _coreEnableFlashEcc_                  
0001057c  _coreDisableFlashEcc_                 
0001058c  _coreEnableIrqVicOffset_              
0001059c  _coreGetDataFault_                    
000105a4  _coreClearDataFault_                  
000105b0  _coreGetInstructionFault_             
000105b8  _coreClearInstructionFault_           
000105c4  _coreGetDataFaultAddress_             
000105cc  _coreClearDataFaultAddress_           
000105d8  _coreGetInstructionFaultAddress_      
000105e0  _coreClearInstructionFaultAddress_    
000105ec  _coreGetAuxiliaryDataFault_           
000105f4  _coreClearAuxiliaryDataFault_         
00010600  _coreGetAuxiliaryInstructionFault_    
00010608  _coreClearAuxiliaryInstructionFault_  
00010614  _disable_interrupt_                   
0001061c  _disable_FIQ_interrupt_               
00010624  _disable_IRQ_interrupt_               
0001062c  _enable_interrupt_                    
00010634  _esmCcmErrorsClear_                   
000106bc  _errata_CORTEXR4_66_                  
000106cc  __TI_PINIT_Base                       
000106d0  __TI_PINIT_Limit                      
00010994  __aeabi_uldivmod                      
00010ec0  vimParityErrorHandler                 
00011128  vListInitialise                       
00011180  vListInitialiseItem                   
0001119c  vListInsertEnd                        
00011210  vListInsert                           
000112d4  uxListRemove                          
00011360  _c_int00                              
00011574  __aeabi_dsub                          
00011580  __aeabi_dadd                          
00011c94  aligned_alloc                         
00011c94  memalign                              
00011e2c  __aeabi_ddiv                          
00011fbc  __aeabi_memcpy                        
00011fbc  __aeabi_memcpy4                       
00011fbc  __aeabi_memcpy8                       
00011fbc  memcpy                                
0001213c  floor                                 
0001213c  floorl                                
00012370  xTaskNotifyStateClear                 
000123ec  muxInit                               
00012474  pinmuxGetConfigValue                  
00012540  enhPWMSetDuty                         
00012688  __aeabi_fsub                          
0001268c  __aeabi_fadd                          
000127bc  __aeabi_dmul                          
000128e4  ldexp                                 
000128e4  ldexpl                                
000128e4  scalbn                                
000128e4  scalbnl                               
00012b1c  esmHighInterrupt                      
00012c08  _dabort                               
00012cf0  __aeabi_cdcmpeq                       
00012cf0  __aeabi_cdcmple                       
00012dd0  __aeabi_cdrcmple                      
00012eb0  _pmuInit_                             
00012efc  _pmuEnableCountersGlobal_             
00012f0c  _pmuDisableCountersGlobal_            
00012f1c  _pmuResetCycleCounter_                
00012f2c  _pmuResetEventCounters_               
00012f3c  _pmuResetCounters_                    
00012f4c  _pmuStartCounters_                    
00012f54  _pmuStopCounters_                     
00012f5c  _pmuSetCountEvent_                    
00012f68  _pmuGetCycleCount_                    
00012f70  _pmuGetEventCount_                    
00012f7c  _pmuGetOverflow_                      
00012f90  esmGroup1Notification                 
00012fa0  esmGroup2Notification                 
00012fb0  memoryPort0TestFailNotification       
00012fcc  memoryPort1TestFailNotification       
00012fe8  adcNotification                       
00013010  sciNotification                       
00013024  pwmNotification                       
0001303c  edgeNotification                      
00013050  hetNotification                       
00013064  __aeabi_fdiv                          
00013200  __aeabi_memclr                        
00013200  __aeabi_memclr4                       
00013200  __aeabi_memclr8                       
00013204  __aeabi_memset                        
00013204  __aeabi_memset4                       
00013204  __aeabi_memset8                       
00013210  memset                                
00013360  HX711_poll_from_GioNotif              
0001340c  __aeabi_d2f                           
00013540  __TI_decompress_lzss                  
00013654  atoi                                  
000136d8  __TI_ltoa                             
00013758  frexp                                 
00013758  frexpl                                
000137d4  __TI_auto_init_nobinit_nopinit        
000138a0  sprintf                               
00013904  __aeabi_d2iz                          
00013960  __aeabi_f2d                           
000139bc  __aeabi_d2uiz                         
00013a14  __aeabi_idiv                          
00013a14  __aeabi_idivmod                       
00013a68  __aeabi_uidiv                         
00013a68  __aeabi_uidivmod                      
00013ab8  gioHighLevelInterrupt                 
00013b04  __aeabi_i2f                           
00013b90  __aeabi_i2d                           
00013bcc  __aeabi_ui2f                          
00013c04  __aeabi_ui2d                          
00013c98  memccpy                               
00013cc8  strchr                                
00013cf0  wcslen                                
00013d14  strlen                                
00013d48  __TI_decompress_none                  
00013d5c  __TI_zero_init                        
00013d6c  __aeabi_errno_addr                    
00013d78  copysign                              
00013d78  copysignl                             
00013d84  malloc                                
00013d90  C$$EXIT                               
00013d90  abort                                 
00013d98  _nop                                  
00013d9c  phantomInterrupt                      
00013da0  __aeabi_idiv0                         
00013da0  __aeabi_ldiv0                         
00013da4  handlePLLLockFail                     
000142c8  _ctypes_                              
080008e4  pxCurrentTCB                          
08001000  __start___llvm_prf_cnts               
08001000  __stop___llvm_prf_cnts                
08003000  _sys_memory                           
0800381c  xQueue_HX711_Data                     
08003820  xQueue_HX711_Raw                      
08003824  xQueue_SrialComm_HX711                
08003828  xTaskMASTER                           
0800382c  xTask_HX711_Poll_Handle               
08003830  xTask_MotorCtrl_Handle                
08003834  xTask_Srial_Comms                     
08003848  _lock                                 
0800384c  _unlock                               
08003858  ulCriticalNesting                     
0800385c  ulTaskHasFPUContext                   
08003860  errno                                 
ffffffff  __TI_pprof_out_hndl                   
ffffffff  __TI_prof_data_size                   
ffffffff  __TI_prof_data_start                  
ffffffff  __binit__                             
ffffffff  __c_args__                            
ffffffff  binit                                 
UNDEFED   SHT$$INIT_ARRAY$$Base                 
UNDEFED   SHT$$INIT_ARRAY$$Limit                
UNDEFED   _system_post_cinit                    

[440 symbols]
