******************************************************************************
                  TI ARM Linker PC v20.2.7                     
******************************************************************************
>> Linked Thu Jun 26 23:38:00 2025

OUTPUT FILE NAME:   <ProjFin_ctrlMotReacc.out>
ENTRY POINT SYMBOL: "_c_int00"  address: 0000ce54


MEMORY CONFIGURATION

         name            origin    length      used     unused   attr    fill
----------------------  --------  ---------  --------  --------  ----  --------
  VECTORS               00000000   00000020  00000020  00000000     X
  KERNEL                00000020   00008000  000036f0  00004910  R  X
  FLASH0                00008020   00057fe0  00005d1c  000522c4  R  X
  STACKS                08000000   00000800  00000000  00000800  RW  
  KRAM                  08000800   00000800  00000104  000006fc  RW  
  RAM                   08001000   00007000  00002020  00004fe0  RW  


SEGMENT ALLOCATION MAP

run origin  load origin   length   init length attrs members
----------  ----------- ---------- ----------- ----- -------
00000000    00000000    00003710   00003710    r-x
  00000000    00000000    00000020   00000020    r-x .intvecs
  00000020    00000020    000036a0   000036a0    r-x .kernelTEXT
  000036c0    000036c0    00000050   00000050    r-- .cinit
00008020    00008020    00005d1c   00005d1c    r-x
  00008020    00008020    00005b9c   00005b9c    r-x .text
  0000dbbc    0000dbbc    00000180   00000180    r-- .const
08000800    08000800    00000104   00000000    rw-
  08000800    08000800    00000104   00000000    rw- .kernelBSS
08001000    08001000    00002020   00000000    rw-
  08001000    08001000    00002000   00000000    rw- .kernelHEAP
  08003000    08003000    00000018   00000000    rw- .data
  08003018    08003018    00000008   00000000    rw- .bss


SECTION ALLOCATION MAP

 output                                  attributes/
section   page    origin      length       input sections
--------  ----  ----------  ----------   ----------------
.intvecs   0    00000000    00000020     
                  00000000    00000020     sys_intvecs.obj (.intvecs)

.kernelTEXT 
*          0    00000020    000036a0     
                  00000020    00002bb8     os_tasks.obj (.kernelTEXT)
                  00002bd8    000003bc     os_port.obj (.kernelTEXT)
                  00002f94    000003b0     os_portasm.obj (.kernelTEXT)
                  00003344    0000037c     os_heap.obj (.kernelTEXT)

.cinit     0    000036c0    00000050     
                  000036c0    0000000c     (__TI_handler_table)
                  000036cc    0000000b     (.cinit..data.load) [load image, compression = lzss]
                  000036d7    00000009     (.cinit..kernelBSS.load) [load image, compression = lzss]
                  000036e0    00000008     (.cinit..bss.load) [load image, compression = zero_init]
                  000036e8    00000008     (.cinit..kernelHEAP.load) [load image, compression = zero_init]
                  000036f0    00000020     (__TI_cinit_table)

.text      0    00008020    00005b9c     
                  00008020    000024f0     sys_selftest.obj (.text)
                  0000a510    00000aa0     system.obj (.text)
                  0000afb0    0000089c     sys_vim.obj (.text)
                  0000b84c    00000664     errata_SSWF021_45.obj (.text)
                  0000beb0    000005bc     esm.obj (.text)
                  0000c46c    000002d0     sys_core.obj (.text)
                  0000c73c    00000278     os_heap.obj (.text)
                  0000c9b4    00000268     sys_vim.obj (.text:retain)
                  0000cc1c    00000238     os_list.obj (.text)
                  0000ce54    00000214     sys_startup.obj (.text:retain)
                  0000d068    000001b0     os_port.obj (.text)
                  0000d218    00000180     rtsv7R4_A_be_eabi.lib : memcpy32.asm.obj (.text)
                  0000d398    00000158     os_tasks.obj (.text)
                  0000d4f0    00000154     pinmux.obj (.text)
                  0000d644    000000ec     esm.obj (.text:retain)
                  0000d730    000000e8     dabort.obj (.text)
                  0000d818    000000e0     sys_pmu.obj (.text)
                  0000d8f8    000000c0     notification.obj (.text)
                  0000d9b8    000000b0     rtsv7R4_A_be_eabi.lib : memset32.asm.obj (.text)
                  0000da68    00000090                           : copy_decompress_lzss.c.obj (.text:decompress:lzss:__TI_decompress_lzss)
                  0000daf8    00000068                           : autoinit.c.obj (.text:__TI_auto_init_nobinit_nopinit:__TI_auto_init_nobinit_nopinit)
                  0000db60    00000020                           : strlen.c.obj (.text:strlen)
                  0000db80    00000014                           : copy_decompress_none.c.obj (.text:decompress:none:__TI_decompress_none)
                  0000db94    00000010                           : copy_zero_init.c.obj (.text:decompress:ZI:__TI_zero_init)
                  0000dba4    00000008                           : exit.c.obj (.text:abort:abort)
                  0000dbac    00000008     sys_main.obj (.text)
                  0000dbb4    00000004     sys_phantom.obj (.text:retain)
                  0000dbb8    00000004     sys_startup.obj (.text)

.const     0    0000dbbc    00000180     
                  0000dbbc    00000180     sys_vim.obj (.const:s_vim_init)

.kernelBSS 
*          0    08000800    00000104     UNINITIALIZED
                  08000800    000000d0     os_tasks.obj (.kernelBSS:uninit)
                  080008d0    00000034     os_tasks.obj (.kernelBSS:init)

.kernelHEAP 
*          0    08001000    00002000     UNINITIALIZED
                  08001000    00002000     os_heap.obj (.kernelHEAP)

.data      0    08003000    00000018     UNINITIALIZED
                  08003000    00000010     os_heap.obj (.data)
                  08003010    00000008     os_port.obj (.data)

.bss       0    08003018    00000008     UNINITIALIZED
                  08003018    00000008     os_heap.obj (.bss:xStart)

__llvm_prf_cnts 
*          0    08001000    00000000     UNINITIALIZED

MODULE SUMMARY

       Module                       code    ro data   rw data
       ------                       ----    -------   -------
    .\source\
       os_tasks.obj                 11536   0         260    
       os_heap.obj                  1524    0         8216   
       sys_selftest.obj             9456    0         0      
       sys_vim.obj                  2820    384       0      
       system.obj                   2720    0         0      
       esm.obj                      1704    0         0      
       errata_SSWF021_45.obj        1636    0         0      
       os_port.obj                  1388    0         8      
       os_portasm.obj               944     0         0      
       sys_core.obj                 720     0         0      
       os_list.obj                  568     0         0      
       sys_startup.obj              536     0         0      
       pinmux.obj                   340     0         0      
       dabort.obj                   232     0         0      
       sys_pmu.obj                  224     0         0      
       notification.obj             192     0         0      
       sys_intvecs.obj              32      0         0      
       sys_main.obj                 8       0         0      
       sys_phantom.obj              4       0         0      
    +--+----------------------------+-------+---------+---------+
       Total:                       36584   384       8484   
                                                             
    C:\ti\ccs1281\ccs\tools\compiler\ti-cgt-arm_20.2.7.LTS\lib\rtsv7R4_A_be_eabi.lib
       memcpy32.asm.obj             384     0         0      
       memset32.asm.obj             176     0         0      
       copy_decompress_lzss.c.obj   144     0         0      
       autoinit.c.obj               104     0         0      
       strlen.c.obj                 32      0         0      
       copy_decompress_none.c.obj   20      0         0      
       copy_zero_init.c.obj         16      0         0      
       exit.c.obj                   8       0         0      
    +--+----------------------------+-------+---------+---------+
       Total:                       884     0         0      
                                                             
       Linker Generated:            0       80        0      
    +--+----------------------------+-------+---------+---------+
       Grand Total:                 37468   464       8484   


LINKER GENERATED COPY TABLES

__TI_cinit_table @ 000036f0 records: 4, size/record: 8, table size: 32
	.data: load addr=000036cc, load size=0000000b bytes, run addr=08003000, run size=00000018 bytes, compression=lzss
	.kernelBSS: load addr=000036d7, load size=00000009 bytes, run addr=08000800, run size=00000104 bytes, compression=lzss
	.bss: load addr=000036e0, load size=00000008 bytes, run addr=08003018, run size=00000008 bytes, compression=zero_init
	.kernelHEAP: load addr=000036e8, load size=00000008 bytes, run addr=08001000, run size=00002000 bytes, compression=zero_init


LINKER GENERATED HANDLER TABLE

__TI_handler_table @ 000036c0 records: 3, size/record: 4, table size: 12
	index: 0, handler: __TI_decompress_lzss
	index: 1, handler: __TI_decompress_none
	index: 2, handler: __TI_zero_init


GLOBAL SYMBOLS: SORTED ALPHABETICALLY BY Name 

address   name                                
-------   ----                                
0000dba4  C$$EXIT                             
UNDEFED   SHT$$INIT_ARRAY$$Base               
UNDEFED   SHT$$INIT_ARRAY$$Limit              
000036f0  __TI_CINIT_Base                     
00003710  __TI_CINIT_Limit                    
000036c0  __TI_Handler_Table_Base             
000036cc  __TI_Handler_Table_Limit            
0000c734  __TI_PINIT_Base                     
0000c738  __TI_PINIT_Limit                    
0000daf8  __TI_auto_init_nobinit_nopinit      
0000da68  __TI_decompress_lzss                
0000db80  __TI_decompress_none                
ffffffff  __TI_pprof_out_hndl                 
ffffffff  __TI_prof_data_size                 
ffffffff  __TI_prof_data_start                
00000000  __TI_static_base__                  
0000db94  __TI_zero_init                      
0000d9b8  __aeabi_memclr                      
0000d9b8  __aeabi_memclr4                     
0000d9b8  __aeabi_memclr8                     
0000d218  __aeabi_memcpy                      
0000d218  __aeabi_memcpy4                     
0000d218  __aeabi_memcpy8                     
0000d9bc  __aeabi_memset                      
0000d9bc  __aeabi_memset4                     
0000d9bc  __aeabi_memset8                     
ffffffff  __binit__                           
ffffffff  __c_args__                          
08001000  __start___llvm_prf_cnts             
08001000  __stop___llvm_prf_cnts              
0000ce54  _c_int00                            
0000c65c  _coreClearAuxiliaryDataFault_       
0000c670  _coreClearAuxiliaryInstructionFault_
0000c634  _coreClearDataFaultAddress_         
0000c60c  _coreClearDataFault_                
0000c648  _coreClearInstructionFaultAddress_  
0000c620  _coreClearInstructionFault_         
0000c5a0  _coreDisableEventBusExport_         
0000c5e4  _coreDisableFlashEcc_               
0000c5c0  _coreDisableRamEcc_                 
0000c590  _coreEnableEventBusExport_          
0000c5d0  _coreEnableFlashEcc_                
0000c5f4  _coreEnableIrqVicOffset_            
0000c5b0  _coreEnableRamEcc_                  
0000c654  _coreGetAuxiliaryDataFault_         
0000c668  _coreGetAuxiliaryInstructionFault_  
0000c62c  _coreGetDataFaultAddress_           
0000c604  _coreGetDataFault_                  
0000c640  _coreGetInstructionFaultAddress_    
0000c618  _coreGetInstructionFault_           
0000c46c  _coreInitRegisters_                 
0000c524  _coreInitStackPointer_              
0000d730  _dabort                             
0000c684  _disable_FIQ_interrupt_             
0000c68c  _disable_IRQ_interrupt_             
0000c67c  _disable_interrupt_                 
0000c694  _enable_interrupt_                  
0000c724  _errata_CORTEXR4_66_                
0000b84c  _errata_SSWF021_45_both_plls        
0000ba40  _errata_SSWF021_45_pll1             
0000bbb8  _errata_SSWF021_45_pll2             
0000c69c  _esmCcmErrorsClear_                 
0000c570  _getCPSRValue_                      
0000c578  _gotoCPUIdle_                       
0000d874  _pmuDisableCountersGlobal_          
0000d864  _pmuEnableCountersGlobal_           
0000d8d0  _pmuGetCycleCount_                  
0000d8d8  _pmuGetEventCount_                  
0000d8e4  _pmuGetOverflow_                    
0000d818  _pmuInit_                           
0000d8a4  _pmuResetCounters_                  
0000d884  _pmuResetCycleCounter_              
0000d894  _pmuResetEventCounters_             
0000d8c4  _pmuSetCountEvent_                  
0000d8b4  _pmuStartCounters_                  
0000d8bc  _pmuStopCounters_                   
UNDEFED   _system_post_cinit                  
0000dba4  abort                               
00009004  adc1ParityCheck                     
0000d950  adcNotification                     
ffffffff  binit                               
000090bc  can1ParityCheck                     
00009198  can2ParityCheck                     
00008030  ccmSelfCheck                        
0000a034  ccmr4GetConfigValue                 
00008938  checkB0RAMECC                       
00008b28  checkB1RAMECC                       
00009604  checkClockMonitor                   
00008d18  checkFlashECC                       
000096d8  checkFlashEEPROMECC                 
00009880  checkPLL1Slip                       
0000999c  checkRAMAddrParity                  
000093bc  checkRAMECC                         
00009aa4  checkRAMUERRTest                    
000087bc  checkefcSelfTest                    
00008234  cpuSelfTest                         
00008dfc  cpuSelfTestFail                     
0000aef0  customTrimLPO                       
00008df4  custom_dabort                       
0000a424  disableParity                       
00001f00  eTaskConfirmSleepModeStatus         
00000888  eTaskGetState                       
0000d990  edgeNotification                    
00008660  efcCheck                            
00009f98  efcGetConfigValue                   
00008794  efcSelfTest                         
000086e8  efcStuckZeroTest                    
0000a3d0  enableParity                        
0000a0b0  errata_PBIST_4                      
0000c034  esmActivateNormalOperation          
0000c108  esmClearStatus                      
0000c148  esmClearStatusBuffer                
0000bffc  esmDisableError                     
0000c06c  esmDisableInterrupt                 
0000bfd4  esmEnableError                      
0000c044  esmEnableInterrupt                  
0000c240  esmEnterSelfTest                    
0000bfb8  esmError                            
0000c318  esmGetConfigValue                   
0000c184  esmGetStatus                        
0000c208  esmGetStatusBuffer                  
0000d8f8  esmGroup1Notification               
0000d908  esmGroup2Notification               
0000d644  esmHighInterrupt                    
0000beb0  esmInit                             
0000c2c8  esmSelfTestStatus                   
0000c164  esmSetCounterPreloadValue           
0000c094  esmSetInterruptLevel                
0000c024  esmTriggerErrorPinReset             
00009c00  fmcBus1ParityCheck                  
0000885c  fmcBus2Check                        
00008898  fmcECCcheck                         
0000d964  gioNotification                     
0000dbb8  handlePLLLockFail                   
00008eac  het1ParityCheck                     
0000d9a4  hetNotification                     
00008f4c  htu1ParityCheck                     
0000dbac  main                                
0000a668  mapClocks                           
0000d218  memcpy                              
00008174  memoryInit                          
0000d918  memoryPort0TestFailNotification     
0000d934  memoryPort1TestFailNotification     
0000d9c8  memset                              
00009260  mibspi1ParityCheck                  
0000d4f0  muxInit                             
00009d2c  pbistFail                           
00009db0  pbistGetConfigValue                 
000085a8  pbistIsTestCompleted                
000085d4  pbistIsTestPassed                   
00008608  pbistPortTestStatus                 
000084ac  pbistRun                            
000082cc  pbistSelfCheck                      
00008578  pbistStop                           
00001344  pcTaskGetName                       
0000a614  periphInit                          
0000dbb4  phantomInterrupt                    
0000d578  pinmuxGetConfigValue                
0000331c  prvMpuDisable                       
00003304  prvMpuEnable                        
000032ec  prvMpuSetRegion                     
00003344  pvPortMalloc                        
00001fe0  pvTaskGetThreadLocalStoragePointer  
0000d978  pwmNotification                     
080008d0  pxCurrentTCB                        
00002bd8  pxPortInitialiseStack               
00000000  resetEntry                          
00008020  selftestFailNotification            
0000a5d4  setupFlash                          
0000a510  setupPLL                            
0000adb4  sramGetConfigValue                  
00009ef8  stcGetConfigValue                   
000081b8  stcSelfCheck                        
00008df8  stcSelfCheckFail                    
0000db60  strlen                              
0000a848  systemGetConfigValue                
0000a74c  systemInit                          
0000a818  systemPowerDown                     
0000ac08  tcmflashGetConfigValue              
0000a560  trimLPO                             
08003010  ulCriticalNesting                   
00003228  ulPortCountLeadingZeros             
08003014  ulTaskHasFPUContext                 
00002378  ulTaskNotifyTake                    
0000cdc8  uxListRemove                        
00001338  uxTaskGetNumberOfTasks              
00002224  uxTaskGetStackHighWaterMark         
0000098c  uxTaskPriorityGet                   
000009d0  uxTaskPriorityGetFromISR            
0000233c  uxTaskResetEventItemValue           
0000cc1c  vListInitialise                     
0000cc74  vListInitialiseItem                 
0000cd04  vListInsert                         
0000cc90  vListInsertEnd                      
00002f60  vPortEndScheduler                   
00003598  vPortFree                           
000036a8  vPortInitialiseBlocks               
00003168  vPortPreemptiveTick                 
00003230  vPortSWI                            
00002f98  vPortStartFirstTask                 
00002cc8  vPortStoreTaskMPUSettings           
000030b4  vPortYeildWithinAPI                 
00003008  vPortYieldProcessor                 
0000204c  vTaskAllocateMPURegions             
00000804  vTaskDelay                          
00000698  vTaskDelayUntil                     
00000530  vTaskDelete                         
00001074  vTaskEndScheduler                   
00001ef0  vTaskMissedYield                    
00002930  vTaskNotifyGiveFromISR              
00001ab8  vTaskPlaceOnEventList               
00001afc  vTaskPlaceOnUnorderedEventList      
00000a18  vTaskPrioritySet                    
00000e14  vTaskResume                         
00001f7c  vTaskSetThreadLocalStoragePointer   
00001d74  vTaskSetTimeOutState                
00000fdc  vTaskStartScheduler                 
00001658  vTaskStepTick                       
00000c10  vTaskSuspend                        
00001090  vTaskSuspendAll                     
000019d8  vTaskSwitchContext                  
0000b084  vimChannelMap                       
0000b280  vimDisableInterrupt                 
0000b128  vimEnableInterrupt                  
0000b304  vimGetConfigValue                   
0000afb0  vimInit                             
00008e00  vimParityCheck                      
0000c9b4  vimParityErrorHandler               
00003690  xPortGetFreeHeapSize                
0000369c  xPortGetMinimumEverFreeHeapSize     
00002f3c  xPortStartScheduler                 
000016b4  xTaskAbortDelay                     
00001db8  xTaskCheckForTimeOut                
000000fc  xTaskCreate                         
00000020  xTaskCreateRestricted               
00002560  xTaskGenericNotify                  
00002730  xTaskGenericNotifyFromISR           
00001518  xTaskGetHandle                      
00001620  xTaskGetIdleTaskHandle              
000022ec  xTaskGetSchedulerState              
000012f8  xTaskGetTickCount                   
00001314  xTaskGetTickCountFromISR            
000017b0  xTaskIncrementTick                  
0000d474  xTaskNotifyStateClear               
0000244c  xTaskNotifyWait                     
00001b80  xTaskRemoveFromEventList            
00001c70  xTaskRemoveFromUnorderedEventList   
00001148  xTaskResumeAll                      
00000ef4  xTaskResumeFromISR                  


GLOBAL SYMBOLS: SORTED BY Symbol Address 

address   name                                
-------   ----                                
00000000  __TI_static_base__                  
00000000  resetEntry                          
00000020  xTaskCreateRestricted               
000000fc  xTaskCreate                         
00000530  vTaskDelete                         
00000698  vTaskDelayUntil                     
00000804  vTaskDelay                          
00000888  eTaskGetState                       
0000098c  uxTaskPriorityGet                   
000009d0  uxTaskPriorityGetFromISR            
00000a18  vTaskPrioritySet                    
00000c10  vTaskSuspend                        
00000e14  vTaskResume                         
00000ef4  xTaskResumeFromISR                  
00000fdc  vTaskStartScheduler                 
00001074  vTaskEndScheduler                   
00001090  vTaskSuspendAll                     
00001148  xTaskResumeAll                      
000012f8  xTaskGetTickCount                   
00001314  xTaskGetTickCountFromISR            
00001338  uxTaskGetNumberOfTasks              
00001344  pcTaskGetName                       
00001518  xTaskGetHandle                      
00001620  xTaskGetIdleTaskHandle              
00001658  vTaskStepTick                       
000016b4  xTaskAbortDelay                     
000017b0  xTaskIncrementTick                  
000019d8  vTaskSwitchContext                  
00001ab8  vTaskPlaceOnEventList               
00001afc  vTaskPlaceOnUnorderedEventList      
00001b80  xTaskRemoveFromEventList            
00001c70  xTaskRemoveFromUnorderedEventList   
00001d74  vTaskSetTimeOutState                
00001db8  xTaskCheckForTimeOut                
00001ef0  vTaskMissedYield                    
00001f00  eTaskConfirmSleepModeStatus         
00001f7c  vTaskSetThreadLocalStoragePointer   
00001fe0  pvTaskGetThreadLocalStoragePointer  
0000204c  vTaskAllocateMPURegions             
00002224  uxTaskGetStackHighWaterMark         
000022ec  xTaskGetSchedulerState              
0000233c  uxTaskResetEventItemValue           
00002378  ulTaskNotifyTake                    
0000244c  xTaskNotifyWait                     
00002560  xTaskGenericNotify                  
00002730  xTaskGenericNotifyFromISR           
00002930  vTaskNotifyGiveFromISR              
00002bd8  pxPortInitialiseStack               
00002cc8  vPortStoreTaskMPUSettings           
00002f3c  xPortStartScheduler                 
00002f60  vPortEndScheduler                   
00002f98  vPortStartFirstTask                 
00003008  vPortYieldProcessor                 
000030b4  vPortYeildWithinAPI                 
00003168  vPortPreemptiveTick                 
00003228  ulPortCountLeadingZeros             
00003230  vPortSWI                            
000032ec  prvMpuSetRegion                     
00003304  prvMpuEnable                        
0000331c  prvMpuDisable                       
00003344  pvPortMalloc                        
00003598  vPortFree                           
00003690  xPortGetFreeHeapSize                
0000369c  xPortGetMinimumEverFreeHeapSize     
000036a8  vPortInitialiseBlocks               
000036c0  __TI_Handler_Table_Base             
000036cc  __TI_Handler_Table_Limit            
000036f0  __TI_CINIT_Base                     
00003710  __TI_CINIT_Limit                    
00008020  selftestFailNotification            
00008030  ccmSelfCheck                        
00008174  memoryInit                          
000081b8  stcSelfCheck                        
00008234  cpuSelfTest                         
000082cc  pbistSelfCheck                      
000084ac  pbistRun                            
00008578  pbistStop                           
000085a8  pbistIsTestCompleted                
000085d4  pbistIsTestPassed                   
00008608  pbistPortTestStatus                 
00008660  efcCheck                            
000086e8  efcStuckZeroTest                    
00008794  efcSelfTest                         
000087bc  checkefcSelfTest                    
0000885c  fmcBus2Check                        
00008898  fmcECCcheck                         
00008938  checkB0RAMECC                       
00008b28  checkB1RAMECC                       
00008d18  checkFlashECC                       
00008df4  custom_dabort                       
00008df8  stcSelfCheckFail                    
00008dfc  cpuSelfTestFail                     
00008e00  vimParityCheck                      
00008eac  het1ParityCheck                     
00008f4c  htu1ParityCheck                     
00009004  adc1ParityCheck                     
000090bc  can1ParityCheck                     
00009198  can2ParityCheck                     
00009260  mibspi1ParityCheck                  
000093bc  checkRAMECC                         
00009604  checkClockMonitor                   
000096d8  checkFlashEEPROMECC                 
00009880  checkPLL1Slip                       
0000999c  checkRAMAddrParity                  
00009aa4  checkRAMUERRTest                    
00009c00  fmcBus1ParityCheck                  
00009d2c  pbistFail                           
00009db0  pbistGetConfigValue                 
00009ef8  stcGetConfigValue                   
00009f98  efcGetConfigValue                   
0000a034  ccmr4GetConfigValue                 
0000a0b0  errata_PBIST_4                      
0000a3d0  enableParity                        
0000a424  disableParity                       
0000a510  setupPLL                            
0000a560  trimLPO                             
0000a5d4  setupFlash                          
0000a614  periphInit                          
0000a668  mapClocks                           
0000a74c  systemInit                          
0000a818  systemPowerDown                     
0000a848  systemGetConfigValue                
0000ac08  tcmflashGetConfigValue              
0000adb4  sramGetConfigValue                  
0000aef0  customTrimLPO                       
0000afb0  vimInit                             
0000b084  vimChannelMap                       
0000b128  vimEnableInterrupt                  
0000b280  vimDisableInterrupt                 
0000b304  vimGetConfigValue                   
0000b84c  _errata_SSWF021_45_both_plls        
0000ba40  _errata_SSWF021_45_pll1             
0000bbb8  _errata_SSWF021_45_pll2             
0000beb0  esmInit                             
0000bfb8  esmError                            
0000bfd4  esmEnableError                      
0000bffc  esmDisableError                     
0000c024  esmTriggerErrorPinReset             
0000c034  esmActivateNormalOperation          
0000c044  esmEnableInterrupt                  
0000c06c  esmDisableInterrupt                 
0000c094  esmSetInterruptLevel                
0000c108  esmClearStatus                      
0000c148  esmClearStatusBuffer                
0000c164  esmSetCounterPreloadValue           
0000c184  esmGetStatus                        
0000c208  esmGetStatusBuffer                  
0000c240  esmEnterSelfTest                    
0000c2c8  esmSelfTestStatus                   
0000c318  esmGetConfigValue                   
0000c46c  _coreInitRegisters_                 
0000c524  _coreInitStackPointer_              
0000c570  _getCPSRValue_                      
0000c578  _gotoCPUIdle_                       
0000c590  _coreEnableEventBusExport_          
0000c5a0  _coreDisableEventBusExport_         
0000c5b0  _coreEnableRamEcc_                  
0000c5c0  _coreDisableRamEcc_                 
0000c5d0  _coreEnableFlashEcc_                
0000c5e4  _coreDisableFlashEcc_               
0000c5f4  _coreEnableIrqVicOffset_            
0000c604  _coreGetDataFault_                  
0000c60c  _coreClearDataFault_                
0000c618  _coreGetInstructionFault_           
0000c620  _coreClearInstructionFault_         
0000c62c  _coreGetDataFaultAddress_           
0000c634  _coreClearDataFaultAddress_         
0000c640  _coreGetInstructionFaultAddress_    
0000c648  _coreClearInstructionFaultAddress_  
0000c654  _coreGetAuxiliaryDataFault_         
0000c65c  _coreClearAuxiliaryDataFault_       
0000c668  _coreGetAuxiliaryInstructionFault_  
0000c670  _coreClearAuxiliaryInstructionFault_
0000c67c  _disable_interrupt_                 
0000c684  _disable_FIQ_interrupt_             
0000c68c  _disable_IRQ_interrupt_             
0000c694  _enable_interrupt_                  
0000c69c  _esmCcmErrorsClear_                 
0000c724  _errata_CORTEXR4_66_                
0000c734  __TI_PINIT_Base                     
0000c738  __TI_PINIT_Limit                    
0000c9b4  vimParityErrorHandler               
0000cc1c  vListInitialise                     
0000cc74  vListInitialiseItem                 
0000cc90  vListInsertEnd                      
0000cd04  vListInsert                         
0000cdc8  uxListRemove                        
0000ce54  _c_int00                            
0000d218  __aeabi_memcpy                      
0000d218  __aeabi_memcpy4                     
0000d218  __aeabi_memcpy8                     
0000d218  memcpy                              
0000d474  xTaskNotifyStateClear               
0000d4f0  muxInit                             
0000d578  pinmuxGetConfigValue                
0000d644  esmHighInterrupt                    
0000d730  _dabort                             
0000d818  _pmuInit_                           
0000d864  _pmuEnableCountersGlobal_           
0000d874  _pmuDisableCountersGlobal_          
0000d884  _pmuResetCycleCounter_              
0000d894  _pmuResetEventCounters_             
0000d8a4  _pmuResetCounters_                  
0000d8b4  _pmuStartCounters_                  
0000d8bc  _pmuStopCounters_                   
0000d8c4  _pmuSetCountEvent_                  
0000d8d0  _pmuGetCycleCount_                  
0000d8d8  _pmuGetEventCount_                  
0000d8e4  _pmuGetOverflow_                    
0000d8f8  esmGroup1Notification               
0000d908  esmGroup2Notification               
0000d918  memoryPort0TestFailNotification     
0000d934  memoryPort1TestFailNotification     
0000d950  adcNotification                     
0000d964  gioNotification                     
0000d978  pwmNotification                     
0000d990  edgeNotification                    
0000d9a4  hetNotification                     
0000d9b8  __aeabi_memclr                      
0000d9b8  __aeabi_memclr4                     
0000d9b8  __aeabi_memclr8                     
0000d9bc  __aeabi_memset                      
0000d9bc  __aeabi_memset4                     
0000d9bc  __aeabi_memset8                     
0000d9c8  memset                              
0000da68  __TI_decompress_lzss                
0000daf8  __TI_auto_init_nobinit_nopinit      
0000db60  strlen                              
0000db80  __TI_decompress_none                
0000db94  __TI_zero_init                      
0000dba4  C$$EXIT                             
0000dba4  abort                               
0000dbac  main                                
0000dbb4  phantomInterrupt                    
0000dbb8  handlePLLLockFail                   
080008d0  pxCurrentTCB                        
08001000  __start___llvm_prf_cnts             
08001000  __stop___llvm_prf_cnts              
08003010  ulCriticalNesting                   
08003014  ulTaskHasFPUContext                 
ffffffff  __TI_pprof_out_hndl                 
ffffffff  __TI_prof_data_size                 
ffffffff  __TI_prof_data_start                
ffffffff  __binit__                           
ffffffff  __c_args__                          
ffffffff  binit                               
UNDEFED   SHT$$INIT_ARRAY$$Base               
UNDEFED   SHT$$INIT_ARRAY$$Limit              
UNDEFED   _system_post_cinit                  

[249 symbols]
